// Vitest Snapshot v1, https://vitest.dev/guide/snapshot.html

exports[`Form Page > should match snapshot 1`] = `
{
  "asFragment": [Function],
  "baseElement": <body>
    <div>
      <main>
        <div
          class="form-card"
          data-testid="multiStepForm-page-template"
        >
          <div
            class="form-wrapper"
          >
            <div
              class="form-navigation"
              data-testid="multiStepForm-navigation"
            >
              <div
                class="form-step active"
                data-testid="form-step-1"
              >
                <div
                  class="form-step__number"
                >
                  1
                </div>
                <div>
                  <span
                    class="form-step__info"
                  >
                    Step 
                    1
                  </span>
                  <br />
                  <span
                    class="form-step__title"
                  >
                    Your info
                  </span>
                </div>
              </div>
              <div
                class="form-step "
                data-testid="form-step-2"
              >
                <div
                  class="form-step__number"
                >
                  2
                </div>
                <div>
                  <span
                    class="form-step__info"
                  >
                    Step 
                    2
                  </span>
                  <br />
                  <span
                    class="form-step__title"
                  >
                    Select plan
                  </span>
                </div>
              </div>
              <div
                class="form-step "
                data-testid="form-step-3"
              >
                <div
                  class="form-step__number"
                >
                  3
                </div>
                <div>
                  <span
                    class="form-step__info"
                  >
                    Step 
                    3
                  </span>
                  <br />
                  <span
                    class="form-step__title"
                  >
                    Add-ons
                  </span>
                </div>
              </div>
              <div
                class="form-step "
                data-testid="form-step-4"
              >
                <div
                  class="form-step__number"
                >
                  4
                </div>
                <div>
                  <span
                    class="form-step__info"
                  >
                    Step 
                    4
                  </span>
                  <br />
                  <span
                    class="form-step__title"
                  >
                    Summary
                  </span>
                </div>
              </div>
            </div>
            <div
              class="form-inner"
            >
              <form
                class="multipstep-form"
                data-testid="multistep-form"
                novalidate=""
              >
                <div
                  class="form-step--first"
                  data-testid="multiStepForm-step-first"
                >
                  <div
                    class="header"
                    data-testuid="multiStepForm-step-first-ttl"
                  >
                    <h2>
                      Personal info
                    </h2>
                    <p>
                      Please provide your name, email address, and phone number.
                    </p>
                  </div>
                  <div>
                    <div
                      class="form-control"
                      data-testid="form-input-name"
                    >
                      <div
                        class="label-wr"
                      >
                        <label
                          class="form-label"
                        >
                          Name
                        </label>
                      </div>
                      <input
                        name="name"
                        placeholder="e.g. Stephen King Email"
                        type="text"
                      />
                    </div>
                    <div
                      class="form-control"
                      data-testid="form-input-email"
                    >
                      <div
                        class="label-wr"
                      >
                        <label
                          class="form-label"
                        >
                          Address
                        </label>
                      </div>
                      <input
                        name="email"
                        placeholder="e.g. stephenking@lorem.com"
                        type="email"
                      />
                    </div>
                    <div
                      class="form-control"
                      data-testid="form-input-phone"
                    >
                      <div
                        class="label-wr"
                      >
                        <label
                          class="form-label"
                        >
                          Phone Number
                        </label>
                      </div>
                      <input
                        name="phone"
                        placeholder="e.g. 123-456-789"
                        type="tel"
                      />
                    </div>
                    <div
                      class="step-bottom"
                    >
                      <button
                        class="main-btn undefined btn-next"
                        type="button"
                      >
                        Next Step
                      </button>
                    </div>
                  </div>
                </div>
              </form>
            </div>
          </div>
        </div>
      </main>
    </div>
  </body>,
  "container": <div>
    <main>
      <div
        class="form-card"
        data-testid="multiStepForm-page-template"
      >
        <div
          class="form-wrapper"
        >
          <div
            class="form-navigation"
            data-testid="multiStepForm-navigation"
          >
            <div
              class="form-step active"
              data-testid="form-step-1"
            >
              <div
                class="form-step__number"
              >
                1
              </div>
              <div>
                <span
                  class="form-step__info"
                >
                  Step 
                  1
                </span>
                <br />
                <span
                  class="form-step__title"
                >
                  Your info
                </span>
              </div>
            </div>
            <div
              class="form-step "
              data-testid="form-step-2"
            >
              <div
                class="form-step__number"
              >
                2
              </div>
              <div>
                <span
                  class="form-step__info"
                >
                  Step 
                  2
                </span>
                <br />
                <span
                  class="form-step__title"
                >
                  Select plan
                </span>
              </div>
            </div>
            <div
              class="form-step "
              data-testid="form-step-3"
            >
              <div
                class="form-step__number"
              >
                3
              </div>
              <div>
                <span
                  class="form-step__info"
                >
                  Step 
                  3
                </span>
                <br />
                <span
                  class="form-step__title"
                >
                  Add-ons
                </span>
              </div>
            </div>
            <div
              class="form-step "
              data-testid="form-step-4"
            >
              <div
                class="form-step__number"
              >
                4
              </div>
              <div>
                <span
                  class="form-step__info"
                >
                  Step 
                  4
                </span>
                <br />
                <span
                  class="form-step__title"
                >
                  Summary
                </span>
              </div>
            </div>
          </div>
          <div
            class="form-inner"
          >
            <form
              class="multipstep-form"
              data-testid="multistep-form"
              novalidate=""
            >
              <div
                class="form-step--first"
                data-testid="multiStepForm-step-first"
              >
                <div
                  class="header"
                  data-testuid="multiStepForm-step-first-ttl"
                >
                  <h2>
                    Personal info
                  </h2>
                  <p>
                    Please provide your name, email address, and phone number.
                  </p>
                </div>
                <div>
                  <div
                    class="form-control"
                    data-testid="form-input-name"
                  >
                    <div
                      class="label-wr"
                    >
                      <label
                        class="form-label"
                      >
                        Name
                      </label>
                    </div>
                    <input
                      name="name"
                      placeholder="e.g. Stephen King Email"
                      type="text"
                    />
                  </div>
                  <div
                    class="form-control"
                    data-testid="form-input-email"
                  >
                    <div
                      class="label-wr"
                    >
                      <label
                        class="form-label"
                      >
                        Address
                      </label>
                    </div>
                    <input
                      name="email"
                      placeholder="e.g. stephenking@lorem.com"
                      type="email"
                    />
                  </div>
                  <div
                    class="form-control"
                    data-testid="form-input-phone"
                  >
                    <div
                      class="label-wr"
                    >
                      <label
                        class="form-label"
                      >
                        Phone Number
                      </label>
                    </div>
                    <input
                      name="phone"
                      placeholder="e.g. 123-456-789"
                      type="tel"
                    />
                  </div>
                  <div
                    class="step-bottom"
                  >
                    <button
                      class="main-btn undefined btn-next"
                      type="button"
                    >
                      Next Step
                    </button>
                  </div>
                </div>
              </div>
            </form>
          </div>
        </div>
      </div>
    </main>
  </div>,
  "debug": [Function],
  "findAllByAltText": [Function],
  "findAllByDisplayValue": [Function],
  "findAllByLabelText": [Function],
  "findAllByPlaceholderText": [Function],
  "findAllByRole": [Function],
  "findAllByTestId": [Function],
  "findAllByText": [Function],
  "findAllByTitle": [Function],
  "findByAltText": [Function],
  "findByDisplayValue": [Function],
  "findByLabelText": [Function],
  "findByPlaceholderText": [Function],
  "findByRole": [Function],
  "findByTestId": [Function],
  "findByText": [Function],
  "findByTitle": [Function],
  "getAllByAltText": [Function],
  "getAllByDisplayValue": [Function],
  "getAllByLabelText": [Function],
  "getAllByPlaceholderText": [Function],
  "getAllByRole": [Function],
  "getAllByTestId": [Function],
  "getAllByText": [Function],
  "getAllByTitle": [Function],
  "getByAltText": [Function],
  "getByDisplayValue": [Function],
  "getByLabelText": [Function],
  "getByPlaceholderText": [Function],
  "getByRole": [Function],
  "getByTestId": [Function],
  "getByText": [Function],
  "getByTitle": [Function],
  "queryAllByAltText": [Function],
  "queryAllByDisplayValue": [Function],
  "queryAllByLabelText": [Function],
  "queryAllByPlaceholderText": [Function],
  "queryAllByRole": [Function],
  "queryAllByTestId": [Function],
  "queryAllByText": [Function],
  "queryAllByTitle": [Function],
  "queryByAltText": [Function],
  "queryByDisplayValue": [Function],
  "queryByLabelText": [Function],
  "queryByPlaceholderText": [Function],
  "queryByRole": [Function],
  "queryByTestId": [Function],
  "queryByText": [Function],
  "queryByTitle": [Function],
  "rerender": [Function],
  "unmount": [Function],
}
`;
